// Jest Snapshot v1, https://goo.gl/fbAQLP

exports[`Blog.vue component shallow rendering matches shallow snapshot of itself 1`] = `
<div class="blog">
  <delete-stub></delete-stub>
  <div class="container">
    <div class="blog__content">
      <section class="blog__inner">
        <router-view-stub list="[object Object]"></router-view-stub>
      </section>
      <section class="blog__sidebar">
        <!---->
      </section>
    </div>
  </div>
</div>
`;
